// Jest Snapshot v1, https://goo.gl/fbAQLP

exports[`Alert should match snapshot 1`] = `
<Portal>
  <Transition
    config={
      Object {
        "friction": 20,
        "tension": 210,
      }
    }
    enter={
      Object {
        "transform": "translateX(0)",
      }
    }
    from={
      Object {
        "transform": "translateX(320px)",
      }
    }
    items={false}
    keys={[Function]}
    leave={
      Object {
        "transform": "translateX(320px)",
      }
    }
    native={true}
    reset={false}
    unique={false}
  >
    <Component />
  </Transition>
</Portal>
`;
