// Jest Snapshot v1, https://goo.gl/fbAQLP

exports[`Select should render correctly 1`] = `
<div
  className="toolkit select test-class"
  data-qa=""
>
  <label
    htmlFor="testId"
  >
    <span
      className="label"
    >
      This is a label
    </span>
    <span
      className="mask"
    >
      <select
        aria-required={false}
        className="control"
        disabled={false}
        id="testId"
        name="testName"
        onChange={[Function]}
        required={false}
        value=""
      >
        <option
          key="0-visa"
          value="visa"
        >
          Visa
        </option>
        <option
          key="1-master"
          value="master"
        >
          MasterCard
        </option>
        <option
          disabled={true}
          key="2-amex"
          value="amex"
        >
          American Express
        </option>
        <option
          key="3-cash"
          value="cash"
        >
          Cash
        </option>
        <option
          key="4-other"
          value="other"
        >
          Other
        </option>
      </select>
      <span
        className="arrow"
      />
    </span>
  </label>
</div>
`;
