// Jest Snapshot v1, https://goo.gl/fbAQLP

exports[`Dropdown template should match snapshot 1`] = `
<div
  className="toolkit wrapper my class name"
>
  <Button
    className="button"
    dataQa="testQa"
    disabled={true}
    fill="#ffffff"
    reverse={false}
    size="default"
    style={
      Object {
        "backgroundColor": "#fff",
      }
    }
    theme="default"
    title=""
    type="button"
  >
    titleTest
    <Icon
      className="iconButton rotate"
      component={[Function]}
      dataQa=""
      fill="#666"
      size="16"
      stroke="#555"
    />
  </Button>
  <OptionContainer
    active="active"
    className="my class name"
    disabled={false}
    on={true}
    onClick={null}
    options={
      Array [
        Object {
          "label": "labelTest",
          "value": "valueTest",
        },
      ]
    }
    right={true}
    sideLeft={true}
    sideRight={true}
    size={
      Object {
        "bottom": 0,
        "height": 0,
        "left": 0,
        "right": 0,
        "top": 0,
        "width": 0,
        "x": 0,
        "y": 0,
      }
    }
    toggle={null}
  />
</div>
`;
