// Jest Snapshot v1, https://goo.gl/fbAQLP

exports[`DropDown template should match snapshot 1`] = `
<div
  className="wrapper my class name"
>
  <button
    className="button"
    dataQa="testQa"
    disabled={true}
    fill="#ffffff"
    iconComponent={null}
    marginBottom="0"
    onClick={null}
    reverse={false}
    size="default"
    style={
      Object {
        "backgroundColor": "#fff",
      }
    }
    theme="default"
    title=""
    type="button"
  >
    titleTest
    <Icon
      className="iconButton rotate"
      component={[Function]}
      dataQa=""
      fill="#666"
      onClick={null}
      onKeyPress={null}
      size="16"
      stroke="#555"
    />
  </button>
  <OptionContainer
    active="active"
    className="my class name"
    disabled={false}
    on={true}
    onClick={null}
    options={
      Array [
        Object {
          "label": "labelTest",
          "value": "valueTest",
        },
      ]
    }
    right={true}
    sideLeft={true}
    sideRight={true}
    size={Object {}}
    toggle={null}
  />
</div>
`;
